Non-zero Christoffel symbols:
  Γ^z_{zz} = -1/z
  Γ^z_{tt} = -1/z
  Γ^z_{x1x1} = 1/z
  Γ^z_{x2x2} = 1/z
  Γ^z_{x3x3} = 1/z
  Γ^t_{zt} = -1/z
  Γ^x1_{zx1} = -1/z
  Γ^x2_{zx2} = -1/z
  Γ^x3_{zx3} = -1/z
R^a_{bcd} = -(δ^a_c g_bd - δ^a_d g_bc)/R^2 : True
Ricci = -4/R^2 g : True
Ricci scalar = -20/R**2
phi_3 satisfies φ'' - (2/z)φ' - k²φ = 0 : True

 d=3  theory: L(ε)~ε^(1-D),  Area(ε)~ε^(-(D+d-3))
   D    L exp(num)   L exp(th)     Area exp(num)   Area exp(th)
  1.1     -0.114       -0.100        -1.154         -1.100
  1.3     -0.248       -0.300        -1.260         -1.300
  1.5     -0.439       -0.500        -1.422         -1.500
  1.7     -0.654       -0.700        -1.621         -1.700
  1.9     -0.871       -0.900        -1.836         -1.900
